
> digital-signature-app@0.1.0 build
> next build

   Γû▓ Next.js 16.0.7 (Turbopack)
   - Environments: .env

   Creating an optimized production build ...
node.exe : 
At line:1 char:1
+ & "C:\Program Files\
nodejs/node.exe" "C:\P
rogram Files\nodejs/no
de_mo ...
+ ~~~~~~~~~~~~~~~~~~~~
~~~~~~~~~~~~~~~~~~~~~~
~~~~~~~~~~~~~~~~~~~~~~
~~~~~
    + CategoryInfo    
          : NotSpeci  
  fied: (:String) [   
 ], RemoteExceptio    
n
    + FullyQualifiedE 
   rrorId : NativeCo  
  mmandError
 
> Build error occurred
Error: Turbopack build
 failed with 1 errors:
./auth.ts:4:1
Module not found: Can'
t resolve '@auth/prism
a-adapter'
[0m [90m 2 |[39m [
36mimport[39m [33mCr
edentials[39m [36mfr
om[39m [32m"next-aut
h/providers/credential
s"[39m
 [90m 3 |[39m [36mi
mport[39m [33mGoogle
[39m [36mfrom[39m 
[32m"next-auth/provide
rs/google"[39m
[31m[1m>[22m[39m[
90m 4 |[39m [36mimpo
rt[39m { [33mPrismaA
dapter[39m } [36mfro
m[39m [32m"@auth/pri
sma-adapter"[39m
 [90m   |[39m [31m
[1m^[22m[39m[31m[1
m^[22m[39m[31m[1m^
[22m[39m[31m[1m^[
22m[39m[31m[1m^[22
m[39m[31m[1m^[22m
[39m[31m[1m^[22m[3
9m[31m[1m^[22m[39m
[31m[1m^[22m[39m[
31m[1m^[22m[39m[31
m[1m^[22m[39m[31m
[1m^[22m[39m[31m[1
m^[22m[39m[31m[1m^
[22m[39m[31m[1m^[
22m[39m[31m[1m^[22
m[39m[31m[1m^[22m
[39m[31m[1m^[22m[3
9m[31m[1m^[22m[39m
[31m[1m^[22m[39m[
31m[1m^[22m[39m[31
m[1m^[22m[39m[31m
[1m^[22m[39m[31m[1
m^[22m[39m[31m[1m^
[22m[39m[31m[1m^[
22m[39m[31m[1m^[22
m[39m[31m[1m^[22m
[39m[31m[1m^[22m[3
9m[31m[1m^[22m[39m
[31m[1m^[22m[39m[
31m[1m^[22m[39m[31
m[1m^[22m[39m[31m
[1m^[22m[39m[31m[1
m^[22m[39m[31m[1m^
[22m[39m[31m[1m^[
22m[39m[31m[1m^[22
m[39m[31m[1m^[22m
[39m[31m[1m^[22m[3
9m[31m[1m^[22m[39m
[31m[1m^[22m[39m[
31m[1m^[22m[39m[31
m[1m^[22m[39m[31m
[1m^[22m[39m[31m[1
m^[22m[39m[31m[1m^
[22m[39m[31m[1m^[
22m[39m[31m[1m^[22
m[39m[31m[1m^[22m
[39m[31m[1m^[22m[3
9m[31m[1m^[22m[39m
 [90m 5 |[39m [36mi
mport[39m { [33mPris
maClient[39m } [36mf
rom[39m [32m"@prisma
/client"[39m
 [90m 6 |[39m [36mi
mport[39m bcrypt [36
mfrom[39m [32m"bcryp
tjs"[39m
 [90m 7 |[39m[0m



Import trace:
  App Route:
    ./auth.ts
    ./app/api/auth/[..
.nextauth]/route.ts

https://nextjs.org/doc
s/messages/module-not-
found


    at <unknown> (./au
th.ts:4:1)
    at <unknown> (http
s://nextjs.org/docs/me
ssages/module-not-foun
d)
